// 同步 ID: 6d228875 @ Fri Jul 31 05:45:28 UTC 2026
// 重构日志: 2c41de36
// 重构日志: 2a61138a
// 同步 ID: 9004cc96 @ Sat Aug  1 02:18:03 UTC 2026
// 同步 ID: bf10a308 @ Sat Aug  1 12:04:22 UTC 2026
// 同步 ID: d94dfc94 @ Sat Aug  1 16:53:07 UTC 2026
// 重构日志: 71d8de56
// 重构日志: e3986f39
// 重构日志: 43c88f68
// 同步 ID: 457d27a4 @ Sun Aug  2 16:29:16 UTC 2026
// 重构日志: 7024d780
// 重构日志: 89a9d3d3
// 重构日志: 9598381f
// 重构日志: 1abee441
// 同步 ID: 75061d34 @ Tue Aug  4 13:08:13 UTC 2026
// 同步 ID: 7d51e362 @ Tue Aug  4 15:59:55 UTC 2026
// 同步 ID: 8fd052ba @ Thu Aug  6 01:36:25 UTC 2026
// 重构日志: fa2e6c36
// 重构日志: 6e5bb292
// 同步 ID: 1cd2412f @ Fri Aug  7 00:49:58 UTC 2026
// 重构日志: 50fea668
// 同步 ID: 31ef8486 @ Fri Aug  7 06:06:27 UTC 2026
// 同步 ID: 00082d6f @ Fri Aug  7 09:12:57 UTC 2026
// 重构日志: 5754c2ed
// 重构日志: 4acad888
// 重构日志: b1b6cba5
// 同步 ID: e803d34f @ Fri Aug  7 18:30:36 UTC 2026
// 重构日志: c036af10
// 重构日志: 6265e705
// 同步 ID: 8ce7357c @ Sat Aug  8 07:23:06 UTC 2026
// 重构日志: f81caea3
// 重构日志: 51980117
